>>> Native int4 quantization probe (instrumented) <<<
>>> PID: 1462 <<<

[1] Loading ResNet50...
[2] Converting to Relay...
[3] Quantizing with nbit=4, dtype='int4'...
Timeout (0:00:30)!
Thread 0x00007fc0b1d11000 (most recent call first):
  File "/home/dimitrije/tvm/tvm-quantization/tvm/python/tvm/_ffi/_ctypes/packed_func.py", line 229 in __call__
  File "/home/dimitrije/tvm/tvm-quantization/tvm/python/tvm/driver/build_module.py", line 281 in build
  File "/home/dimitrije/tvm/tvm-quantization/tvm/python/tvm/relay/backend/_backend.py", line 43 in build
  File "/home/dimitrije/tvm/tvm-quantization/tvm/python/tvm/_ffi/_ctypes/packed_func.py", line 82 in cfun
  File "/home/dimitrije/tvm/tvm-quantization/tvm/python/tvm/_ffi/_ctypes/packed_func.py", line 229 in __call__
  File "/home/dimitrije/tvm/tvm-quantization/tvm/python/tvm/ir/transform.py", line 160 in __call__
  File "/home/dimitrije/tvm/tvm-quantization/tvm/python/tvm/relay/quantize/quantize.py", line 329 in prerequisite_optimize
  File "/home/dimitrije/tvm/tvm-quantization/tvm/python/tvm/relay/quantize/quantize.py", line 356 in quantize
  File "/home/dimitrije/tvm/tvm-quantization-gdrive/diagnostics/probe_int4.py", line 72 in <module>
Timeout (0:00:30)!
Thread 0x00007fc0b1d11000 (most recent call first):
  File "/home/dimitrije/tvm/tvm-quantization/tvm/python/tvm/_ffi/_ctypes/packed_func.py", line 242 in __call__
  File "/home/dimitrije/tvm/tvm-quantization/tvm/python/tvm/ir/container.py", line 39 in __len__
  File "/home/dimitrije/tvm/tvm-quantization/tvm/python/tvm/ir/container.py", line 36 in __getitem__
  File "/home/dimitrije/tvm/tvm-quantization/tvm/python/tvm/ir/container.py", line 93 in <listcomp>
  File "/home/dimitrije/tvm/tvm-quantization/tvm/python/tvm/ir/container.py", line 93 in items
  File "/home/dimitrije/tvm/tvm-quantization/tvm/python/tvm/support.py", line 45 in libinfo
  File "/home/dimitrije/tvm/tvm-quantization/tvm/python/tvm/relay/backend/te_compiler.py", line 270 in get_shape
  File "/home/dimitrije/tvm/tvm-quantization/tvm/python/tvm/relay/backend/te_compiler.py", line 297 in lower_call
  File "/home/dimitrije/tvm/tvm-quantization/tvm/python/tvm/_ffi/_ctypes/packed_func.py", line 82 in cfun
  File "/home/dimitrije/tvm/tvm-quantization/tvm/python/tvm/_ffi/_ctypes/packed_func.py", line 229 in __call__
  File "/home/dimitrije/tvm/tvm-quantization/tvm/python/tvm/ir/transform.py", line 160 in __call__
  File "/home/dimitrije/tvm/tvm-quantization/tvm/python/tvm/relay/quantize/quantize.py", line 370 in quantize
  File "/home/dimitrije/tvm/tvm-quantization-gdrive/diagnostics/probe_int4.py", line 72 in <module>
[3] Quantize succeeded.
[4] Inspecting quantized IR...
[4]   IR length: 82478 chars
[4]   First 500 chars of IR:
def @main(%input0: Tensor[(1, 3, 224, 224), float32] /* ty=Tensor[(1, 3, 224, 224), float32] span=aten::_convolution_0.input0:0:0 */) -> Tensor[(1, 1000), float32] {
  %0 = nn.conv2d(%input0, meta[relay.Constant][0] /* ty=Tensor[(64, 3, 7, 7), float32] */, strides=[2, 2], padding=[3, 3, 3, 3], channels=64, kernel_size=[7, 7]) /* ty=Tensor[(1, 64, 112, 112), float32] span=aten::_convolution_0:0:0 */;
  %1 = annotation.stop_fusion(%0) /* ty=Tensor[(1, 64, 112, 112), float32] */;
  %2 = multiply(%1
[4]   Searching IR for 'int4' references...
[4]   Count of 'int4' substring: 461
[4.5] Detailed IR dtype + operator inventory pre-build:
[4.5]   dtype 'int4': 461 mentions
[4.5]   dtype 'int32': 1020 mentions
[4.5]   dtype 'float32': 33 mentions
[4.5]   distinct ops: 12; top 12 by frequency:
[4.5]     cast                     x 222
[4.5]     add                      x 151
[4.5]     annotation.stop_fusion   x 138
[4.5]     clip                     x 122
[4.5]     right_shift              x 82
[4.5]     multiply                 x 56
[4.5]     nn.conv2d                x 53
[4.5]     nn.relu                  x 49
[4.5]     nn.max_pool2d            x 1
[4.5]     nn.adaptive_avg_pool2d   x 1
[4.5]     nn.dense                 x 1
[4.5]     nn.bias_add              x 1
[4.5]   total IR text size: 82478 chars (~898 lines)
[5] BEFORE relay.build
[5.1] Inside PassContext, about to call relay.build
Timeout (0:00:30)!
Thread 0x00007fc0b1d11000 (most recent call first):
  File "/home/dimitrije/tvm/tvm-quantization/tvm/python/tvm/_ffi/_ctypes/packed_func.py", line 229 in __call__
  File "/home/dimitrije/tvm/tvm-quantization/tvm/python/tvm/relay/build_module.py", line 161 in build
  File "/home/dimitrije/tvm/tvm-quantization/tvm/python/tvm/relay/build_module.py", line 364 in build
  File "/home/dimitrije/tvm/tvm-quantization-gdrive/diagnostics/probe_int4.py", line 109 in <module>
One or more operators have not been tuned. Please tune your model for better performance. Use DEBUG logging level to see more details.
Timeout (0:00:30)!
Thread 0x00007fc0b1d11000 (most recent call first):
  File "/home/dimitrije/tvm/tvm-quantization/tvm/python/tvm/_ffi/_ctypes/packed_func.py", line 86 in cfun
  File "/home/dimitrije/tvm/tvm-quantization/tvm/python/tvm/_ffi/_ctypes/packed_func.py", line 229 in __call__
  File "/home/dimitrije/tvm/tvm-quantization/tvm/python/tvm/relay/build_module.py", line 161 in build
  File "/home/dimitrije/tvm/tvm-quantization/tvm/python/tvm/relay/build_module.py", line 364 in build
  File "/home/dimitrije/tvm/tvm-quantization-gdrive/diagnostics/probe_int4.py", line 109 in <module>
Timeout (0:00:30)!
Thread 0x00007fc0b1d11000 (most recent call first):
  File "/home/dimitrije/tvm/tvm-quantization/tvm/python/tvm/_ffi/_ctypes/packed_func.py", line 86 in cfun
  File "/home/dimitrije/tvm/tvm-quantization/tvm/python/tvm/_ffi/_ctypes/packed_func.py", line 229 in __call__
  File "/home/dimitrije/tvm/tvm-quantization/tvm/python/tvm/relay/build_module.py", line 161 in build
  File "/home/dimitrije/tvm/tvm-quantization/tvm/python/tvm/relay/build_module.py", line 364 in build
  File "/home/dimitrije/tvm/tvm-quantization-gdrive/diagnostics/probe_int4.py", line 109 in <module>
Timeout (0:00:30)!
Thread 0x00007fc0b1d11000 (most recent call first):
  File "/home/dimitrije/tvm/tvm-quantization/tvm/python/tvm/_ffi/_ctypes/packed_func.py", line 86 in cfun
  File "/home/dimitrije/tvm/tvm-quantization/tvm/python/tvm/_ffi/_ctypes/packed_func.py", line 229 in __call__
  File "/home/dimitrije/tvm/tvm-quantization/tvm/python/tvm/relay/build_module.py", line 161 in build
  File "/home/dimitrije/tvm/tvm-quantization/tvm/python/tvm/relay/build_module.py", line 364 in build
  File "/home/dimitrije/tvm/tvm-quantization-gdrive/diagnostics/probe_int4.py", line 109 in <module>
Timeout (0:00:30)!
Thread 0x00007fc0b1d11000 (most recent call first):
  File "/home/dimitrije/tvm/tvm-quantization/tvm/python/tvm/_ffi/_ctypes/packed_func.py", line 86 in cfun
  File "/home/dimitrije/tvm/tvm-quantization/tvm/python/tvm/_ffi/_ctypes/packed_func.py", line 229 in __call__
  File "/home/dimitrije/tvm/tvm-quantization/tvm/python/tvm/relay/build_module.py", line 161 in build
  File "/home/dimitrije/tvm/tvm-quantization/tvm/python/tvm/relay/build_module.py", line 364 in build
  File "/home/dimitrije/tvm/tvm-quantization-gdrive/diagnostics/probe_int4.py", line 109 in <module>
Timeout (0:00:30)!
Thread 0x00007fc0b1d11000 (most recent call first):
  File "/home/dimitrije/tvm/tvm-quantization/tvm/python/tvm/_ffi/_ctypes/packed_func.py", line 86 in cfun
  File "/home/dimitrije/tvm/tvm-quantization/tvm/python/tvm/_ffi/_ctypes/packed_func.py", line 229 in __call__
  File "/home/dimitrije/tvm/tvm-quantization/tvm/python/tvm/relay/build_module.py", line 161 in build
  File "/home/dimitrije/tvm/tvm-quantization/tvm/python/tvm/relay/build_module.py", line 364 in build
  File "/home/dimitrije/tvm/tvm-quantization-gdrive/diagnostics/probe_int4.py", line 109 in <module>
Timeout (0:00:30)!
Thread 0x00007fc0b1d11000 (most recent call first):
  File "/home/dimitrije/tvm/tvm-quantization/tvm/python/tvm/_ffi/_ctypes/packed_func.py", line 86 in cfun
  File "/home/dimitrije/tvm/tvm-quantization/tvm/python/tvm/_ffi/_ctypes/packed_func.py", line 229 in __call__
  File "/home/dimitrije/tvm/tvm-quantization/tvm/python/tvm/relay/build_module.py", line 161 in build
  File "/home/dimitrije/tvm/tvm-quantization/tvm/python/tvm/relay/build_module.py", line 364 in build
  File "/home/dimitrije/tvm/tvm-quantization-gdrive/diagnostics/probe_int4.py", line 109 in <module>
Timeout (0:00:30)!
Thread 0x00007fc0b1d11000 (most recent call first):
  File "/home/dimitrije/tvm/tvm-quantization/tvm/python/tvm/_ffi/_ctypes/packed_func.py", line 86 in cfun
  File "/home/dimitrije/tvm/tvm-quantization/tvm/python/tvm/_ffi/_ctypes/packed_func.py", line 229 in __call__
  File "/home/dimitrije/tvm/tvm-quantization/tvm/python/tvm/relay/build_module.py", line 161 in build
  File "/home/dimitrije/tvm/tvm-quantization/tvm/python/tvm/relay/build_module.py", line 364 in build
  File "/home/dimitrije/tvm/tvm-quantization-gdrive/diagnostics/probe_int4.py", line 109 in <module>
Timeout (0:00:30)!
Thread 0x00007fc0b1d11000 (most recent call first):
  File "/home/dimitrije/tvm/tvm-quantization/tvm/python/tvm/_ffi/_ctypes/packed_func.py", line 86 in cfun
  File "/home/dimitrije/tvm/tvm-quantization/tvm/python/tvm/_ffi/_ctypes/packed_func.py", line 229 in __call__
  File "/home/dimitrije/tvm/tvm-quantization/tvm/python/tvm/relay/build_module.py", line 161 in build
  File "/home/dimitrije/tvm/tvm-quantization/tvm/python/tvm/relay/build_module.py", line 364 in build
  File "/home/dimitrije/tvm/tvm-quantization-gdrive/diagnostics/probe_int4.py", line 109 in <module>
Timeout (0:00:30)!
Thread 0x00007fc0b1d11000 (most recent call first):
  File "/home/dimitrije/tvm/tvm-quantization/tvm/python/tvm/_ffi/_ctypes/packed_func.py", line 86 in cfun
  File "/home/dimitrije/tvm/tvm-quantization/tvm/python/tvm/_ffi/_ctypes/packed_func.py", line 229 in __call__
  File "/home/dimitrije/tvm/tvm-quantization/tvm/python/tvm/relay/build_module.py", line 161 in build
  File "/home/dimitrije/tvm/tvm-quantization/tvm/python/tvm/relay/build_module.py", line 364 in build
  File "/home/dimitrije/tvm/tvm-quantization-gdrive/diagnostics/probe_int4.py", line 109 in <module>
Timeout (0:00:30)!
Thread 0x00007fc0b1d11000 (most recent call first):
  File "/home/dimitrije/tvm/tvm-quantization/tvm/python/tvm/_ffi/_ctypes/packed_func.py", line 86 in cfun
  File "/home/dimitrije/tvm/tvm-quantization/tvm/python/tvm/_ffi/_ctypes/packed_func.py", line 229 in __call__
  File "/home/dimitrije/tvm/tvm-quantization/tvm/python/tvm/relay/build_module.py", line 161 in build
  File "/home/dimitrije/tvm/tvm-quantization/tvm/python/tvm/relay/build_module.py", line 364 in build
  File "/home/dimitrije/tvm/tvm-quantization-gdrive/diagnostics/probe_int4.py", line 109 in <module>
Timeout (0:00:30)!
Thread 0x00007fc0b1d11000 (most recent call first):
  File "/home/dimitrije/tvm/tvm-quantization/tvm/python/tvm/_ffi/_ctypes/packed_func.py", line 86 in cfun
  File "/home/dimitrije/tvm/tvm-quantization/tvm/python/tvm/_ffi/_ctypes/packed_func.py", line 229 in __call__
  File "/home/dimitrije/tvm/tvm-quantization/tvm/python/tvm/relay/build_module.py", line 161 in build
  File "/home/dimitrije/tvm/tvm-quantization/tvm/python/tvm/relay/build_module.py", line 364 in build
  File "/home/dimitrije/tvm/tvm-quantization-gdrive/diagnostics/probe_int4.py", line 109 in <module>
Timeout (0:00:30)!
Thread 0x00007fc0b1d11000 (most recent call first):
  File "/home/dimitrije/tvm/tvm-quantization/tvm/python/tvm/_ffi/_ctypes/packed_func.py", line 86 in cfun
  File "/home/dimitrije/tvm/tvm-quantization/tvm/python/tvm/_ffi/_ctypes/packed_func.py", line 229 in __call__
  File "/home/dimitrije/tvm/tvm-quantization/tvm/python/tvm/relay/build_module.py", line 161 in build
  File "/home/dimitrije/tvm/tvm-quantization/tvm/python/tvm/relay/build_module.py", line 364 in build
  File "/home/dimitrije/tvm/tvm-quantization-gdrive/diagnostics/probe_int4.py", line 109 in <module>
Timeout (0:00:30)!
Thread 0x00007fc0b1d11000 (most recent call first):
  File "/home/dimitrije/tvm/tvm-quantization/tvm/python/tvm/_ffi/_ctypes/packed_func.py", line 86 in cfun
  File "/home/dimitrije/tvm/tvm-quantization/tvm/python/tvm/_ffi/_ctypes/packed_func.py", line 229 in __call__
  File "/home/dimitrije/tvm/tvm-quantization/tvm/python/tvm/relay/build_module.py", line 161 in build
  File "/home/dimitrije/tvm/tvm-quantization/tvm/python/tvm/relay/build_module.py", line 364 in build
  File "/home/dimitrije/tvm/tvm-quantization-gdrive/diagnostics/probe_int4.py", line 109 in <module>
Timeout (0:00:30)!
Thread 0x00007fc0b1d11000 (most recent call first):
  File "/home/dimitrije/tvm/tvm-quantization/tvm/python/tvm/_ffi/_ctypes/packed_func.py", line 86 in cfun
  File "/home/dimitrije/tvm/tvm-quantization/tvm/python/tvm/_ffi/_ctypes/packed_func.py", line 229 in __call__
  File "/home/dimitrije/tvm/tvm-quantization/tvm/python/tvm/relay/build_module.py", line 161 in build
  File "/home/dimitrije/tvm/tvm-quantization/tvm/python/tvm/relay/build_module.py", line 364 in build
  File "/home/dimitrije/tvm/tvm-quantization-gdrive/diagnostics/probe_int4.py", line 109 in <module>
Timeout (0:00:30)!
Thread 0x00007fc0b1d11000 (most recent call first):
  File "/home/dimitrije/tvm/tvm-quantization/tvm/python/tvm/_ffi/_ctypes/packed_func.py", line 86 in cfun
  File "/home/dimitrije/tvm/tvm-quantization/tvm/python/tvm/_ffi/_ctypes/packed_func.py", line 229 in __call__
  File "/home/dimitrije/tvm/tvm-quantization/tvm/python/tvm/relay/build_module.py", line 161 in build
  File "/home/dimitrije/tvm/tvm-quantization/tvm/python/tvm/relay/build_module.py", line 364 in build
  File "/home/dimitrije/tvm/tvm-quantization-gdrive/diagnostics/probe_int4.py", line 109 in <module>
Timeout (0:00:30)!
Thread 0x00007fc0b1d11000 (most recent call first):
  File "/home/dimitrije/tvm/tvm-quantization/tvm/python/tvm/_ffi/_ctypes/packed_func.py", line 86 in cfun
  File "/home/dimitrije/tvm/tvm-quantization/tvm/python/tvm/_ffi/_ctypes/packed_func.py", line 229 in __call__
  File "/home/dimitrije/tvm/tvm-quantization/tvm/python/tvm/relay/build_module.py", line 161 in build
  File "/home/dimitrije/tvm/tvm-quantization/tvm/python/tvm/relay/build_module.py", line 364 in build
  File "/home/dimitrije/tvm/tvm-quantization-gdrive/diagnostics/probe_int4.py", line 109 in <module>
