[    0.000000] Booting Linux on physical CPU 0x0000000000 [0x410fd083]
[    0.000000] Linux version 6.6.51+rpt-rpi-v8 (serge@raspberrypi.com) (gcc-12 (Debian 12.2.0-14) 12.2.0, GNU ld (GNU Binutils for Debian) 2.40) #1 SMP PREEMPT Debian 1:6.6.51-1+rpt3 (2024-10-08)
[    0.000000] KASLR disabled due to lack of seed
[    0.000000] Machine model: Raspberry Pi 4 Model B
[    0.000000] earlycon: pl11 at MMIO 0x00000000fe201000 (options '')
[    0.000000] printk: bootconsole [pl11] enabled
[    0.000000] efi: UEFI not found.
[    0.000000] Reserved memory: created CMA memory pool at 0x000000002c000000, size 64 MiB
[    0.000000] OF: reserved mem: initialized node linux,cma, compatible id shared-dma-pool
[    0.000000] OF: reserved mem: 0x000000002c000000..0x000000002fffffff (65536 KiB) map reusable linux,cma
[    0.000000] Zone ranges:
[    0.000000]   DMA      [mem 0x0000000000000000-0x000000003bffffff]
[    0.000000]   DMA32    empty
[    0.000000]   Normal   empty
[    0.000000] Movable zone start for each node
[    0.000000] Early memory node ranges
[    0.000000]   node   0: [mem 0x0000000000000000-0x000000003bffffff]
[    0.000000] Initmem setup node 0 [mem 0x0000000000000000-0x000000003bffffff]
[    0.000000] On node 0, zone DMA: 16384 pages in unavailable ranges
[    0.000000] percpu: Embedded 30 pages/cpu s85672 r8192 d29016 u122880
[    0.000000] Detected PIPT I-cache on CPU0
[    0.000000] CPU features: detected: Spectre-v2
[    0.000000] CPU features: detected: Spectre-v3a
[    0.000000] CPU features: detected: Spectre-v4
[    0.000000] CPU features: detected: Spectre-BHB
[    0.000000] CPU features: detected: ARM erratum 1742098
[    0.000000] CPU features: detected: ARM errata 1165522, 1319367, or 1530923
[    0.000000] alternatives: applying boot alternatives
[    0.000000] Kernel command line: earlycon=pl011,0xfe201000 console=serial0,115200 rdinit=/init
[    0.000000] Dentry cache hash table entries: 131072 (order: 8, 1048576 bytes, linear)
[    0.000000] Inode-cache hash table entries: 65536 (order: 7, 524288 bytes, linear)
[    0.000000] Built 1 zonelists, mobility grouping on.  Total pages: 241920
[    0.000000] mem auto-init: stack:all(zero), heap alloc:off, heap free:off
[    0.000000] Memory: 501500K/983040K available (13440K kernel code, 2212K rwdata, 4268K rodata, 4864K init, 1083K bss, 416004K reserved, 65536K cma-reserved)
[    0.000000] SLUB: HWalign=64, Order=0-3, MinObjects=0, CPUs=4, Nodes=1
[    0.000000] ftrace: allocating 43242 entries in 169 pages
[    0.000000] ftrace: allocated 169 pages with 4 groups
[    0.000000] trace event string verifier disabled
[    0.000000] rcu: Preemptible hierarchical RCU implementation.
[    0.000000] rcu: 	RCU event tracing is enabled.
[    0.000000] rcu: 	RCU restricting CPUs from NR_CPUS=256 to nr_cpu_ids=4.
[    0.000000] 	Trampoline variant of Tasks RCU enabled.
[    0.000000] 	Rude variant of Tasks RCU enabled.
[    0.000000] 	Tracing variant of Tasks RCU enabled.
[    0.000000] rcu: RCU calculated value of scheduler-enlistment delay is 25 jiffies.
[    0.000000] rcu: Adjusting geometry for rcu_fanout_leaf=16, nr_cpu_ids=4
[    0.000000] NR_IRQS: 64, nr_irqs: 64, preallocated irqs: 0
[    0.000000] Root IRQ handler: gic_handle_irq
[    0.000000] GIC: Using split EOI/Deactivate mode
[    0.000000] rcu: srcu_init: Setting srcu_struct sizes based on contention.
[    0.000000] arch_timer: cp15 timer(s) running at 62.50MHz (phys).
[    0.000000] clocksource: arch_sys_counter: mask: 0x1ffffffffffffff max_cycles: 0x1cd42e208c, max_idle_ns: 881590405314 ns
[    0.000118] sched_clock: 57 bits at 63MHz, resolution 16ns, wraps every 4398046511096ns
[    0.022848] Console: colour dummy device 80x25
[    0.027429] Calibrating delay loop (skipped), value calculated using timer frequency.. 125.00 BogoMIPS (lpj=250000)
[    0.030844] pid_max: default: 32768 minimum: 301
[    0.036556] LSM: initializing lsm=capability,integrity
[    0.048361] Mount-cache hash table entries: 2048 (order: 2, 16384 bytes, linear)
[    0.049246] Mountpoint-cache hash table entries: 2048 (order: 2, 16384 bytes, linear)
[    0.098730] cgroup: Disabling memory control group subsystem
[    0.172164] RCU Tasks: Setting shift to 2 and lim to 1 rcu_task_cb_adjust=1.
[    0.178009] RCU Tasks Rude: Setting shift to 2 and lim to 1 rcu_task_cb_adjust=1.
[    0.179282] RCU Tasks Trace: Setting shift to 2 and lim to 1 rcu_task_cb_adjust=1.
[    0.185779] rcu: Hierarchical SRCU implementation.
[    0.188384] rcu: 	Max phase no-delay instances is 1000.
[    0.209179] EFI services will not be available.
[    0.217299] smp: Bringing up secondary CPUs ...
[    0.228400] Detected PIPT I-cache on CPU1
[    0.230620] CPU1: Booted secondary processor 0x0000000001 [0x410fd083]
[    0.247094] Detected PIPT I-cache on CPU2
[    0.247508] CPU2: Booted secondary processor 0x0000000002 [0x410fd083]
[    0.252484] Detected PIPT I-cache on CPU3
[    0.252872] CPU3: Booted secondary processor 0x0000000003 [0x410fd083]
[    0.254944] smp: Brought up 1 node, 4 CPUs
[    0.258667] SMP: Total of 4 processors activated.
[    0.259230] CPU features: detected: 32-bit EL0 Support
[    0.259858] CPU features: detected: 32-bit EL1 Support
[    0.260940] CPU features: detected: CRC32 instructions
[    0.277157] CPU: All CPU(s) started at EL2
[    0.278099] alternatives: applying system-wide alternatives
[    0.326285] devtmpfs: initialized
[    0.362410] Enabled cp15_barrier support
[    0.365056] Enabled setend support
[    0.367116] clocksource: jiffies: mask: 0xffffffff max_cycles: 0xffffffff, max_idle_ns: 7645041785100000 ns
[    0.368236] futex hash table entries: 1024 (order: 4, 65536 bytes, linear)
[    0.376105] pinctrl core: initialized pinctrl subsystem
[    0.385628] DMI not present or invalid.
[    0.404969] NET: Registered PF_NETLINK/PF_ROUTE protocol family
[    0.422868] DMA: preallocated 128 KiB GFP_KERNEL pool for atomic allocations
[    0.424647] DMA: preallocated 128 KiB GFP_KERNEL|GFP_DMA pool for atomic allocations
[    0.425866] DMA: preallocated 128 KiB GFP_KERNEL|GFP_DMA32 pool for atomic allocations
[    0.427125] audit: initializing netlink subsys (disabled)
[    0.431514] audit: type=2000 audit(0.260:1): state=initialized audit_enabled=0 res=1
[    0.437369] thermal_sys: Registered thermal governor 'step_wise'
[    0.438285] cpuidle: using governor menu
[    0.440577] hw-breakpoint: found 6 breakpoint and 4 watchpoint registers.
[    0.445261] ASID allocator initialised with 65536 entries
[    0.448739] Serial: AMBA PL011 UART driver
[    0.479245] bcm2835-mbox fe00b880.mailbox: mailbox enabled
[    0.499358] raspberrypi-firmware soc:firmware: Attached to firmware from 1970-01-05T00:12:17, variant unknown
[    0.504495] raspberrypi-firmware soc:firmware: Firmware hash is 0000000000000000000000000000000000000000
[    0.527375] Modules: 26256 pages in range for non-PLT usage
[    0.527435] Modules: 517776 pages in range for PLT usage
[    0.550340] bcm2835-dma fe007000.dma-controller: DMA legacy API manager, dmachans=0x1
[    0.564951] iommu: Default domain type: Translated
[    0.565506] iommu: DMA domain TLB invalidation policy: strict mode
[    0.570859] SCSI subsystem initialized
[    0.575651] usbcore: registered new interface driver usbfs
[    0.578713] usbcore: registered new interface driver hub
[    0.579499] usbcore: registered new device driver usb
[    0.586257] pps_core: LinuxPPS API ver. 1 registered
[    0.586782] pps_core: Software ver. 5.3.6 - Copyright 2005-2007 Rodolfo Giometti <giometti@linux.it>
[    0.587703] PTP clock support registered
[    0.613211] vgaarb: loaded
[    0.630485] clocksource: Switched to clocksource arch_sys_counter
[    2.964001] VFS: Disk quotas dquot_6.6.0
[    2.964669] VFS: Dquot-cache hash table entries: 512 (order 0, 4096 bytes)
[    2.966419] FS-Cache: Loaded
[    2.967869] CacheFiles: Loaded
[    3.004773] NET: Registered PF_INET protocol family
[    3.007890] IP idents hash table entries: 16384 (order: 5, 131072 bytes, linear)
[    3.021464] tcp_listen_portaddr_hash hash table entries: 512 (order: 1, 8192 bytes, linear)
[    3.023128] Table-perturb hash table entries: 65536 (order: 6, 262144 bytes, linear)
[    3.024242] TCP established hash table entries: 8192 (order: 4, 65536 bytes, linear)
[    3.025996] TCP bind hash table entries: 8192 (order: 6, 262144 bytes, linear)
[    3.027337] TCP: Hash tables configured (established 8192 bind 8192)
[    3.031295] MPTCP token hash table entries: 1024 (order: 2, 24576 bytes, linear)
[    3.032479] UDP hash table entries: 512 (order: 2, 16384 bytes, linear)
[    3.033757] UDP-Lite hash table entries: 512 (order: 2, 16384 bytes, linear)
[    3.037529] NET: Registered PF_UNIX/PF_LOCAL protocol family
[    3.046234] RPC: Registered named UNIX socket transport module.
[    3.046906] RPC: Registered udp transport module.
[    3.047733] RPC: Registered tcp transport module.
[    3.048191] RPC: Registered tcp-with-tls transport module.
[    3.048692] RPC: Registered tcp NFSv4.1 backchannel transport module.
[    3.049535] PCI: CLS 0 bytes, default 64
[    3.060032] Trying to unpack rootfs image as initramfs...
[    3.061263] kvm [1]: IPA Size Limit: 44 bits
[    3.077898] kvm [1]: vgic interrupt IRQ9
[    3.083805] kvm [1]: Hyp mode initialized successfully
[    3.095251] Initialise system trusted keyrings
[    3.100056] workingset: timestamp_bits=46 max_order=18 bucket_order=0
[    3.101267] zbud: loaded
[    3.109143] NFS: Registering the id_resolver key type
[    3.110426] Key type id_resolver registered
[    3.110905] Key type id_legacy registered
[    3.112123] nfs4filelayout_init: NFSv4 File Layout Driver Registering...
[    3.113274] nfs4flexfilelayout_init: NFSv4 Flexfile Layout Driver Registering...
[    3.120660] Key type asymmetric registered
[    3.121240] Asymmetric key parser 'x509' registered
[    3.122319] Block layer SCSI generic (bsg) driver version 0.4 loaded (major 247)
[    3.126158] io scheduler mq-deadline registered
[    3.126696] io scheduler kyber registered
[    3.127666] io scheduler bfq registered
[    3.166696] pinctrl-bcm2835 fe200000.gpio: GPIO_OUT persistence: yes
[    3.171383] raspberrypi-exp-gpio soc:firmware:gpio: Failed to get GPIO 0 config (0 80)
[    3.173709] raspberrypi-exp-gpio soc:firmware:gpio: Failed to get GPIO 1 config (0 81)
[    3.174801] raspberrypi-exp-gpio soc:firmware:gpio: Failed to get GPIO 2 config (0 82)
[    3.177202] raspberrypi-exp-gpio soc:firmware:gpio: Failed to get GPIO 3 config (0 83)
[    3.178389] raspberrypi-exp-gpio soc:firmware:gpio: Failed to get GPIO 4 config (0 84)
[    3.180026] raspberrypi-exp-gpio soc:firmware:gpio: Failed to get GPIO 5 config (0 85)
[    3.181853] raspberrypi-exp-gpio soc:firmware:gpio: Failed to get GPIO 6 config (0 86)
[    3.183754] raspberrypi-exp-gpio soc:firmware:gpio: Failed to get GPIO 7 config (0 87)
[    3.193119] bcm2708_fb soc:fb: FB found 1 display(s)
[    3.237683] Console: switching to colour frame buffer device 100x30
[    3.244847] bcm2708_fb soc:fb: Registered framebuffer for display 0, size 800x480
[    3.271042] vc-mem: phys_addr:0x00000000 mem_base=0x00000000 mem_size:0x00000000(0 MiB)
[    3.370785] brd: module loaded
[    3.424572] loop: module loaded
[    3.430927] Loading iSCSI transport class v2.0-870.
[    3.456560] usbcore: registered new device driver r8152-cfgselector
[    3.457452] usbcore: registered new interface driver r8152
[    3.458201] usbcore: registered new interface driver lan78xx
[    3.459169] usbcore: registered new interface driver smsc95xx
[    3.461867] dwc_otg: version 3.00a 10-AUG-2012 (platform bus)
[    3.469729] usbcore: registered new interface driver uas
[    3.470794] usbcore: registered new interface driver usb-storage
[    3.477071] mousedev: PS/2 mouse device common for all mice
[    3.508396] sdhci: Secure Digital Host Controller Interface driver
[    3.509113] sdhci: Copyright(c) Pierre Ossman
[    3.510158] sdhci-pltfm: SDHCI platform and OF driver helper
[    3.524215] raspberrypi-exp-gpio soc:firmware:gpio: Failed to get GPIO 2 config (0 82)
[    3.527857] raspberrypi-exp-gpio soc:firmware:gpio: Failed to get GPIO 2 config (0 82)
[    3.528981] leds-gpio: probe of leds failed with error -5
[    3.538530] ledtrig-cpu: registered to indicate activity on CPUs
[    3.541931] hid: raw HID events driver (C) Jiri Kosina
[    3.543657] usbcore: registered new interface driver usbhid
[    3.544311] usbhid: USB HID core driver
[    3.582616] hw perfevents: enabled with armv8_cortex_a72 PMU driver, 7 counters available
[    3.593893] NET: Registered PF_PACKET protocol family
[    3.597385] Key type dns_resolver registered
[    3.684439] registered taskstats version 1
[    3.688870] Loading compiled-in X.509 certificates
[    3.732650] Key type .fscrypt registered
[    3.733193] Key type fscrypt-provisioning registered
[    3.774640] uart-pl011 fe201000.serial: there is not valid maps for state default
[    3.779306] uart-pl011 fe201000.serial: cts_event_workaround enabled
[    3.787689] fe201000.serial: ttyAMA1 at MMIO 0xfe201000 (irq = 31, base_baud = 0) is a PL011 rev2
[    3.793946] serial serial0: tty port ttyAMA1 registered
[    3.803323] raspberrypi-exp-gpio soc:firmware:gpio: Failed to get GPIO 5 config (0 85)
[    3.809043] bcm2835-aux-uart fe215040.serial: there is not valid maps for state default
[    3.811131] raspberrypi-exp-gpio soc:firmware:gpio: Failed to get GPIO 5 config (0 85)
[    3.812977] reg-fixed-voltage cam1_regulator: error -EIO: can't get GPIO
[    3.815598] reg-fixed-voltage: probe of cam1_regulator failed with error -5
[    3.820975] raspberrypi-exp-gpio soc:firmware:gpio: Failed to get GPIO 6 config (0 86)
[    3.827880] raspberrypi-exp-gpio soc:firmware:gpio: Failed to get GPIO 6 config (0 86)
[    3.833015] raspberrypi-exp-gpio soc:firmware:gpio: Failed to get GPIO 4 config (0 84)
[    3.833972] bcm2835-aux-uart fe215040.serial: error -EINVAL: unable to register 8250 port
[    3.837141] bcm2835-aux-uart: probe of fe215040.serial failed with error -22
[    3.839595] reg-fixed-voltage regulator-sd-vcc: error -EIO: can't get GPIO
[    3.840457] reg-fixed-voltage: probe of regulator-sd-vcc failed with error -5
[    3.842088] raspberrypi-exp-gpio soc:firmware:gpio: Failed to get GPIO 4 config (0 84)
[    3.844453] gpio-regulator: probe of regulator-sd-io-1v8 failed with error -5
[    3.851060] bcm2835-wdt bcm2835-wdt: Broadcom BCM2835 watchdog timer
[    3.853388] bcm2835-power bcm2835-power: ASB register ID returned 0x00000000
[    3.861089] mmc-bcm2835 fe300000.mmcnr: mmc_debug:0 mmc_debug2:0
[    3.861858] mmc-bcm2835 fe300000.mmcnr: DMA channel allocated
[    3.903984] of_cfs_init
[    3.908026] of_cfs_init: OK
[    3.916775] clk: Disabling unused clocks
[    4.037216] mmc1: Failed to initialize a non-removable card
[    9.368061] rootfs image is not initramfs (write error); looks like an initrd
[    9.369917] /initrd.image: incomplete write (-28 != 378061789)
[    9.637581] Freeing initrd memory: 369200K
[    9.640651] Warning: unable to open an initial console.
[    9.744340] Freeing unused kernel memory: 4864K
[    9.748611] Run /init as init process
[    9.913292] resnet50_bench: init started, kmsg redirection active
[    9.916026] 
[    9.916026] =========================================================
[    9.917416]   raspi4b ResNet50 inference (TVM C++ runtime, PID 1)
[    9.918027] =========================================================
[    9.919731] 
[    9.919731] ---- fp32 ----
[    9.920240] loading /resnet50_fp32_arm.so
[    9.937118] Kernel panic - not syncing: Attempted to kill init! exitcode=0x00000007
[    9.938348] CPU: 2 PID: 1 Comm: init Not tainted 6.6.51+rpt-rpi-v8 #1  Debian 1:6.6.51-1+rpt3
[    9.939484] Hardware name: Raspberry Pi 4 Model B (DT)
[    9.940208] Call trace:
[    9.940776]  dump_backtrace+0xa0/0x100
[    9.941506]  show_stack+0x20/0x38
[    9.941906]  dump_stack_lvl+0x48/0x60
[    9.942293]  dump_stack+0x18/0x28
[    9.942607]  panic+0x330/0x398
[    9.942903]  do_exit+0x898/0x988
[    9.943208]  do_group_exit+0x3c/0xa0
[    9.943618]  get_signal+0x9e4/0x9f0
[    9.943955]  do_notify_resume+0x220/0x1370
[    9.944695]  el0_da+0x78/0x88
[    9.945523]  el0t_64_sync_handler+0xb8/0x130
[    9.945964]  el0t_64_sync+0x190/0x198
[    9.946636] SMP: stopping secondary CPUs
[    9.947780] Kernel Offset: disabled
[    9.948179] CPU features: 0x0,80000200,3c020000,0000421b
[    9.949013] Memory Limit: none
[    9.949808] ---[ end Kernel panic - not syncing: Attempted to kill init! exitcode=0x00000007 ]---
