[    0.000000] Booting Linux on physical CPU 0x0000000000 [0x410fd083]
[    0.000000] Linux version 6.6.51+rpt-rpi-v8 (serge@raspberrypi.com) (gcc-12 (Debian 12.2.0-14) 12.2.0, GNU ld (GNU Binutils for Debian) 2.40) #1 SMP PREEMPT Debian 1:6.6.51-1+rpt3 (2024-10-08)
[    0.000000] KASLR disabled due to lack of seed
[    0.000000] Machine model: Raspberry Pi 4 Model B
[    0.000000] earlycon: pl11 at MMIO 0x00000000fe201000 (options '')
[    0.000000] printk: bootconsole [pl11] enabled
[    0.000000] efi: UEFI not found.
[    0.000000] Reserved memory: created CMA memory pool at 0x000000002c000000, size 64 MiB
[    0.000000] OF: reserved mem: initialized node linux,cma, compatible id shared-dma-pool
[    0.000000] OF: reserved mem: 0x000000002c000000..0x000000002fffffff (65536 KiB) map reusable linux,cma
[    0.000000] Zone ranges:
[    0.000000]   DMA      [mem 0x0000000000000000-0x000000003bffffff]
[    0.000000]   DMA32    empty
[    0.000000]   Normal   empty
[    0.000000] Movable zone start for each node
[    0.000000] Early memory node ranges
[    0.000000]   node   0: [mem 0x0000000000000000-0x000000003bffffff]
[    0.000000] Initmem setup node 0 [mem 0x0000000000000000-0x000000003bffffff]
[    0.000000] On node 0, zone DMA: 16384 pages in unavailable ranges
[    0.000000] percpu: Embedded 30 pages/cpu s85672 r8192 d29016 u122880
[    0.000000] Detected PIPT I-cache on CPU0
[    0.000000] CPU features: detected: Spectre-v2
[    0.000000] CPU features: detected: Spectre-v3a
[    0.000000] CPU features: detected: Spectre-v4
[    0.000000] CPU features: detected: Spectre-BHB
[    0.000000] CPU features: detected: ARM erratum 1742098
[    0.000000] CPU features: detected: ARM errata 1165522, 1319367, or 1530923
[    0.000000] alternatives: applying boot alternatives
[    0.000000] Kernel command line: earlycon=pl011,0xfe201000 console=serial0,115200 rdinit=/init
[    0.000000] Dentry cache hash table entries: 131072 (order: 8, 1048576 bytes, linear)
[    0.000000] Inode-cache hash table entries: 65536 (order: 7, 524288 bytes, linear)
[    0.000000] Built 1 zonelists, mobility grouping on.  Total pages: 241920
[    0.000000] mem auto-init: stack:all(zero), heap alloc:off, heap free:off
[    0.000000] Memory: 870412K/983040K available (13440K kernel code, 2212K rwdata, 4268K rodata, 4864K init, 1083K bss, 47092K reserved, 65536K cma-reserved)
[    0.000000] SLUB: HWalign=64, Order=0-3, MinObjects=0, CPUs=4, Nodes=1
[    0.000000] ftrace: allocating 43242 entries in 169 pages
[    0.000000] ftrace: allocated 169 pages with 4 groups
[    0.000000] trace event string verifier disabled
[    0.000000] rcu: Preemptible hierarchical RCU implementation.
[    0.000000] rcu: 	RCU event tracing is enabled.
[    0.000000] rcu: 	RCU restricting CPUs from NR_CPUS=256 to nr_cpu_ids=4.
[    0.000000] 	Trampoline variant of Tasks RCU enabled.
[    0.000000] 	Rude variant of Tasks RCU enabled.
[    0.000000] 	Tracing variant of Tasks RCU enabled.
[    0.000000] rcu: RCU calculated value of scheduler-enlistment delay is 25 jiffies.
[    0.000000] rcu: Adjusting geometry for rcu_fanout_leaf=16, nr_cpu_ids=4
[    0.000000] NR_IRQS: 64, nr_irqs: 64, preallocated irqs: 0
[    0.000000] Root IRQ handler: gic_handle_irq
[    0.000000] GIC: Using split EOI/Deactivate mode
[    0.000000] rcu: srcu_init: Setting srcu_struct sizes based on contention.
[    0.000000] arch_timer: cp15 timer(s) running at 62.50MHz (phys).
[    0.000000] clocksource: arch_sys_counter: mask: 0x1ffffffffffffff max_cycles: 0x1cd42e208c, max_idle_ns: 881590405314 ns
[    0.000149] sched_clock: 57 bits at 63MHz, resolution 16ns, wraps every 4398046511096ns
[    0.008593] Console: colour dummy device 80x25
[    0.009879] Calibrating delay loop (skipped), value calculated using timer frequency.. 125.00 BogoMIPS (lpj=250000)
[    0.010743] pid_max: default: 32768 minimum: 301
[    0.012010] LSM: initializing lsm=capability,integrity
[    0.016207] Mount-cache hash table entries: 2048 (order: 2, 16384 bytes, linear)
[    0.016809] Mountpoint-cache hash table entries: 2048 (order: 2, 16384 bytes, linear)
[    0.036261] cgroup: Disabling memory control group subsystem
[    0.059492] RCU Tasks: Setting shift to 2 and lim to 1 rcu_task_cb_adjust=1.
[    0.060387] RCU Tasks Rude: Setting shift to 2 and lim to 1 rcu_task_cb_adjust=1.
[    0.060929] RCU Tasks Trace: Setting shift to 2 and lim to 1 rcu_task_cb_adjust=1.
[    0.063521] rcu: Hierarchical SRCU implementation.
[    0.063832] rcu: 	Max phase no-delay instances is 1000.
[    0.069680] EFI services will not be available.
[    0.072181] smp: Bringing up secondary CPUs ...
[    0.076545] Detected PIPT I-cache on CPU1
[    0.077491] CPU1: Booted secondary processor 0x0000000001 [0x410fd083]
[    0.082687] Detected PIPT I-cache on CPU2
[    0.082961] CPU2: Booted secondary processor 0x0000000002 [0x410fd083]
[    0.084339] Detected PIPT I-cache on CPU3
[    0.084563] CPU3: Booted secondary processor 0x0000000003 [0x410fd083]
[    0.084968] smp: Brought up 1 node, 4 CPUs
[    0.086720] SMP: Total of 4 processors activated.
[    0.086996] CPU features: detected: 32-bit EL0 Support
[    0.087222] CPU features: detected: 32-bit EL1 Support
[    0.087590] CPU features: detected: CRC32 instructions
[    0.090426] CPU: All CPU(s) started at EL2
[    0.090975] alternatives: applying system-wide alternatives
[    0.112420] devtmpfs: initialized
[    0.130754] Enabled cp15_barrier support
[    0.131273] Enabled setend support
[    0.132789] clocksource: jiffies: mask: 0xffffffff max_cycles: 0xffffffff, max_idle_ns: 7645041785100000 ns
[    0.133750] futex hash table entries: 1024 (order: 4, 65536 bytes, linear)
[    0.139004] pinctrl core: initialized pinctrl subsystem
[    0.144338] DMI not present or invalid.
[    0.154229] NET: Registered PF_NETLINK/PF_ROUTE protocol family
[    0.164655] DMA: preallocated 128 KiB GFP_KERNEL pool for atomic allocations
[    0.165499] DMA: preallocated 128 KiB GFP_KERNEL|GFP_DMA pool for atomic allocations
[    0.166133] DMA: preallocated 128 KiB GFP_KERNEL|GFP_DMA32 pool for atomic allocations
[    0.166725] audit: initializing netlink subsys (disabled)
[    0.169043] audit: type=2000 audit(0.144:1): state=initialized audit_enabled=0 res=1
[    0.171324] thermal_sys: Registered thermal governor 'step_wise'
[    0.171727] cpuidle: using governor menu
[    0.173204] hw-breakpoint: found 6 breakpoint and 4 watchpoint registers.
[    0.174375] ASID allocator initialised with 65536 entries
[    0.176098] Serial: AMBA PL011 UART driver
[    0.191805] bcm2835-mbox fe00b880.mailbox: mailbox enabled
[    0.207390] raspberrypi-firmware soc:firmware: Attached to firmware from 1970-01-05T00:12:17, variant unknown
[    0.212311] raspberrypi-firmware soc:firmware: Firmware hash is 0000000000000000000000000000000000000000
[    0.225440] Modules: 26256 pages in range for non-PLT usage
[    0.225473] Modules: 517776 pages in range for PLT usage
[    0.235761] bcm2835-dma fe007000.dma-controller: DMA legacy API manager, dmachans=0x1
[    0.243216] iommu: Default domain type: Translated
[    0.243649] iommu: DMA domain TLB invalidation policy: strict mode
[    0.245454] SCSI subsystem initialized
[    0.250667] usbcore: registered new interface driver usbfs
[    0.251371] usbcore: registered new interface driver hub
[    0.251726] usbcore: registered new device driver usb
[    0.254124] pps_core: LinuxPPS API ver. 1 registered
[    0.254354] pps_core: Software ver. 5.3.6 - Copyright 2005-2007 Rodolfo Giometti <giometti@linux.it>
[    0.254778] PTP clock support registered
[    0.269918] vgaarb: loaded
[    0.272541] clocksource: Switched to clocksource arch_sys_counter
[    2.295649] VFS: Disk quotas dquot_6.6.0
[    2.296296] VFS: Dquot-cache hash table entries: 512 (order 0, 4096 bytes)
[    2.299254] FS-Cache: Loaded
[    2.301119] CacheFiles: Loaded
[    2.356137] NET: Registered PF_INET protocol family
[    2.358885] IP idents hash table entries: 16384 (order: 5, 131072 bytes, linear)
[    2.369983] tcp_listen_portaddr_hash hash table entries: 512 (order: 1, 8192 bytes, linear)
[    2.370996] Table-perturb hash table entries: 65536 (order: 6, 262144 bytes, linear)
[    2.372539] TCP established hash table entries: 8192 (order: 4, 65536 bytes, linear)
[    2.373694] TCP bind hash table entries: 8192 (order: 6, 262144 bytes, linear)
[    2.374912] TCP: Hash tables configured (established 8192 bind 8192)
[    2.378861] MPTCP token hash table entries: 1024 (order: 2, 24576 bytes, linear)
[    2.381969] UDP hash table entries: 512 (order: 2, 16384 bytes, linear)
[    2.383296] UDP-Lite hash table entries: 512 (order: 2, 16384 bytes, linear)
[    2.386899] NET: Registered PF_UNIX/PF_LOCAL protocol family
[    2.393198] RPC: Registered named UNIX socket transport module.
[    2.393837] RPC: Registered udp transport module.
[    2.394331] RPC: Registered tcp transport module.
[    2.394745] RPC: Registered tcp-with-tls transport module.
[    2.395230] RPC: Registered tcp NFSv4.1 backchannel transport module.
[    2.395979] PCI: CLS 0 bytes, default 64
[    2.403949] Trying to unpack rootfs image as initramfs...
[    2.421235] kvm [1]: IPA Size Limit: 44 bits
[    2.440186] kvm [1]: vgic interrupt IRQ9
[    2.443684] kvm [1]: Hyp mode initialized successfully
[    2.452710] Initialise system trusted keyrings
[    2.458970] Freeing initrd memory: 288K
[    2.459878] workingset: timestamp_bits=46 max_order=18 bucket_order=0
[    2.460863] zbud: loaded
[    2.468017] NFS: Registering the id_resolver key type
[    2.469355] Key type id_resolver registered
[    2.469800] Key type id_legacy registered
[    2.470690] nfs4filelayout_init: NFSv4 File Layout Driver Registering...
[    2.471437] nfs4flexfilelayout_init: NFSv4 Flexfile Layout Driver Registering...
[    2.477910] Key type asymmetric registered
[    2.478427] Asymmetric key parser 'x509' registered
[    2.479634] Block layer SCSI generic (bsg) driver version 0.4 loaded (major 247)
[    2.482016] io scheduler mq-deadline registered
[    2.482546] io scheduler kyber registered
[    2.483285] io scheduler bfq registered
[    2.512854] pinctrl-bcm2835 fe200000.gpio: GPIO_OUT persistence: yes
[    2.517466] raspberrypi-exp-gpio soc:firmware:gpio: Failed to get GPIO 0 config (0 80)
[    2.518773] raspberrypi-exp-gpio soc:firmware:gpio: Failed to get GPIO 1 config (0 81)
[    2.519956] raspberrypi-exp-gpio soc:firmware:gpio: Failed to get GPIO 2 config (0 82)
[    2.521068] raspberrypi-exp-gpio soc:firmware:gpio: Failed to get GPIO 3 config (0 83)
[    2.522281] raspberrypi-exp-gpio soc:firmware:gpio: Failed to get GPIO 4 config (0 84)
[    2.523506] raspberrypi-exp-gpio soc:firmware:gpio: Failed to get GPIO 5 config (0 85)
[    2.524618] raspberrypi-exp-gpio soc:firmware:gpio: Failed to get GPIO 6 config (0 86)
[    2.525667] raspberrypi-exp-gpio soc:firmware:gpio: Failed to get GPIO 7 config (0 87)
[    2.532862] bcm2708_fb soc:fb: FB found 1 display(s)
[    2.562373] Console: switching to colour frame buffer device 100x30
[    2.569392] bcm2708_fb soc:fb: Registered framebuffer for display 0, size 800x480
[    2.585377] vc-mem: phys_addr:0x00000000 mem_base=0x00000000 mem_size:0x00000000(0 MiB)
[    2.648761] brd: module loaded
[    2.678916] loop: module loaded
[    2.682379] Loading iSCSI transport class v2.0-870.
[    2.696555] usbcore: registered new device driver r8152-cfgselector
[    2.697274] usbcore: registered new interface driver r8152
[    2.697863] usbcore: registered new interface driver lan78xx
[    2.698488] usbcore: registered new interface driver smsc95xx
[    2.699866] dwc_otg: version 3.00a 10-AUG-2012 (platform bus)
[    2.703783] usbcore: registered new interface driver uas
[    2.704567] usbcore: registered new interface driver usb-storage
[    2.709454] mousedev: PS/2 mouse device common for all mice
[    2.733495] sdhci: Secure Digital Host Controller Interface driver
[    2.734118] sdhci: Copyright(c) Pierre Ossman
[    2.735062] sdhci-pltfm: SDHCI platform and OF driver helper
[    2.742456] raspberrypi-exp-gpio soc:firmware:gpio: Failed to get GPIO 2 config (0 82)
[    2.743731] raspberrypi-exp-gpio soc:firmware:gpio: Failed to get GPIO 2 config (0 82)
[    2.744649] leds-gpio: probe of leds failed with error -5
[    2.750029] ledtrig-cpu: registered to indicate activity on CPUs
[    2.752422] hid: raw HID events driver (C) Jiri Kosina
[    2.753895] usbcore: registered new interface driver usbhid
[    2.754421] usbhid: USB HID core driver
[    2.777654] hw perfevents: enabled with armv8_cortex_a72 PMU driver, 7 counters available
[    2.783415] NET: Registered PF_PACKET protocol family
[    2.784869] Key type dns_resolver registered
[    2.827182] registered taskstats version 1
[    2.831267] Loading compiled-in X.509 certificates
[    2.857039] Key type .fscrypt registered
[    2.857495] Key type fscrypt-provisioning registered
[    2.882741] uart-pl011 fe201000.serial: there is not valid maps for state default
[    2.885739] uart-pl011 fe201000.serial: cts_event_workaround enabled
[    2.892094] fe201000.serial: ttyAMA1 at MMIO 0xfe201000 (irq = 31, base_baud = 0) is a PL011 rev2
[    2.895249] serial serial0: tty port ttyAMA1 registered
[    2.899996] raspberrypi-exp-gpio soc:firmware:gpio: Failed to get GPIO 5 config (0 85)
[    2.901368] bcm2835-aux-uart fe215040.serial: there is not valid maps for state default
[    2.903531] raspberrypi-exp-gpio soc:firmware:gpio: Failed to get GPIO 5 config (0 85)
[    2.905322] reg-fixed-voltage cam1_regulator: error -EIO: can't get GPIO
[    2.906119] reg-fixed-voltage: probe of cam1_regulator failed with error -5
[    2.907557] raspberrypi-exp-gpio soc:firmware:gpio: Failed to get GPIO 6 config (0 86)
[    2.911921] raspberrypi-exp-gpio soc:firmware:gpio: Failed to get GPIO 6 config (0 86)
[    2.912651] reg-fixed-voltage regulator-sd-vcc: error -EIO: can't get GPIO
[    2.913305] reg-fixed-voltage: probe of regulator-sd-vcc failed with error -5
[    2.914484] bcm2835-aux-uart fe215040.serial: error -EINVAL: unable to register 8250 port
[    2.917466] raspberrypi-exp-gpio soc:firmware:gpio: Failed to get GPIO 4 config (0 84)
[    2.918721] bcm2835-aux-uart: probe of fe215040.serial failed with error -22
[    2.919988] raspberrypi-exp-gpio soc:firmware:gpio: Failed to get GPIO 4 config (0 84)
[    2.920706] gpio-regulator: probe of regulator-sd-io-1v8 failed with error -5
[    2.926165] bcm2835-wdt bcm2835-wdt: Broadcom BCM2835 watchdog timer
[    2.927526] bcm2835-power bcm2835-power: ASB register ID returned 0x00000000
[    2.933281] mmc-bcm2835 fe300000.mmcnr: mmc_debug:0 mmc_debug2:0
[    2.933886] mmc-bcm2835 fe300000.mmcnr: DMA channel allocated
[    2.965910] of_cfs_init
[    2.969039] of_cfs_init: OK
[    2.973704] clk: Disabling unused clocks
[    2.977837] Warning: unable to open an initial console.
[    3.076494] Freeing unused kernel memory: 4864K
[    3.079112] Run /init as init process
[    3.146389] microbench: init started, kmsg redirection active
[    3.147989] 
[    3.147989] =========================================================
[    3.148251] 
[    3.149455]   raspi4b QEMU microbenchmark (PID 1 initramfs init)
[    3.149487] 
[    3.150175] =========================================================
[    3.150729] 
[    3.151107] == /proc/cpuinfo (filtered) ==
[    3.151140] 
[    3.157068] processor	: 0
[    3.191796] mmc1: Failed to initialize a non-removable card
[   13.061959] platform fe340000.mmc: deferred probe pending
[   13.666285] fp32     time= 10.497s  MAC_MOPs=   78.04  sink=1.2288e+03
[   17.542511] int32    time=  3.875s  MAC_MOPs=  211.41  sink=0
[   21.545615] int16    time=  4.002s  MAC_MOPs=  204.70  sink=0
[   25.503424] int8     time=  3.956s  MAC_MOPs=  207.06  sink=0
[   25.504062] 
[   25.504062] == Throughput ratios (relative to fp32) ==
[   25.504093] 
[   25.504813] fp32 :  1.00x
[   25.504833] 
[   25.505286] int32:  2.71x
[   25.505555] int16:  2.62x
[   25.505838] int8 :  2.65x
[   25.506092] 
[   25.506092] === BENCHMARK COMPLETE ===
[   25.512299] kvm: exiting hardware virtualization
[   25.514212] reboot: Power down
